{
    "-profile test --input tests/csv/3.0/mapped_joint_bam.csv --tools deepvariant --joint_genotype --nucleotides_per_second 20": {
        "content": [
            26,
            {
                "BCFTOOLS_STATS": {
                    "bcftools": 1.21
                },
                "BCFTOOLS_VIEW": {
                    "bcftools": 1.22
                },
                "CREATE_INTERVALS_BED": {
                    "gawk": "5.3.0"
                },
                "DEEPVARIANT_RUNDEEPVARIANT": {
                    "deepvariant": "1.9.0"
                },
                "GLNEXUS": {
                    "glnexus": "1.4.1"
                },
                "MERGE_DEEPVARIANT_GVCF": {
                    "gatk4": "4.6.1.0"
                },
                "MERGE_DEEPVARIANT_VCF": {
                    "gatk4": "4.6.1.0"
                },
                "MERGE_GLNEXUS_VCF": {
                    "gatk4": "4.6.1.0"
                },
                "MOSDEPTH": {
                    "mosdepth": "0.3.10"
                },
                "SAMTOOLS_STATS": {
                    "samtools": 1.21
                },
                "TABIX_BGZIPTABIX_INTERVAL_COMBINED": {
                    "tabix": 1.21
                },
                "TABIX_BGZIPTABIX_INTERVAL_SPLIT": {
                    "tabix": 1.21
                },
                "VCFTOOLS_TSTV_COUNT": {
                    "vcftools": "0.1.16"
                }
            },
            [
                "csv",
                "csv/variantcalled.csv",
                "multiqc",
                "multiqc/multiqc_data",
                "multiqc/multiqc_data/bcftools-stats-subtypes.txt",
                "multiqc/multiqc_data/bcftools_stats_indel-lengths.txt",
                "multiqc/multiqc_data/bcftools_stats_vqc_Count_Indels.txt",
                "multiqc/multiqc_data/bcftools_stats_vqc_Count_SNP.txt",
                "multiqc/multiqc_data/bcftools_stats_vqc_Count_Transitions.txt",
                "multiqc/multiqc_data/bcftools_stats_vqc_Count_Transversions.txt",
                "multiqc/multiqc_data/llms-full.txt",
                "multiqc/multiqc_data/mosdepth-coverage-per-contig-single.txt",
                "multiqc/multiqc_data/mosdepth-cumcoverage-dist-id.txt",
                "multiqc/multiqc_data/mosdepth_cov_dist.txt",
                "multiqc/multiqc_data/mosdepth_cumcov_dist.txt",
                "multiqc/multiqc_data/mosdepth_perchrom.txt",
                "multiqc/multiqc_data/multiqc.log",
                "multiqc/multiqc_data/multiqc.parquet",
                "multiqc/multiqc_data/multiqc_bcftools_stats.txt",
                "multiqc/multiqc_data/multiqc_citations.txt",
                "multiqc/multiqc_data/multiqc_data.json",
                "multiqc/multiqc_data/multiqc_general_stats.txt",
                "multiqc/multiqc_data/multiqc_samtools_stats.txt",
                "multiqc/multiqc_data/multiqc_software_versions.txt",
                "multiqc/multiqc_data/multiqc_sources.txt",
                "multiqc/multiqc_data/samtools-stats-dp.txt",
                "multiqc/multiqc_data/samtools_alignment_plot.txt",
                "multiqc/multiqc_data/vcftools_tstv_by_count.txt",
                "multiqc/multiqc_data/vcftools_tstv_by_qual.txt",
                "multiqc/multiqc_plots",
                "multiqc/multiqc_plots/pdf",
                "multiqc/multiqc_plots/pdf/bcftools-stats-subtypes-cnt.pdf",
                "multiqc/multiqc_plots/pdf/bcftools-stats-subtypes-pct.pdf",
                "multiqc/multiqc_plots/pdf/bcftools_stats_indel-lengths-cnt.pdf",
                "multiqc/multiqc_plots/pdf/bcftools_stats_indel-lengths-log.pdf",
                "multiqc/multiqc_plots/pdf/bcftools_stats_vqc_Count_Indels.pdf",
                "multiqc/multiqc_plots/pdf/bcftools_stats_vqc_Count_SNP.pdf",
                "multiqc/multiqc_plots/pdf/bcftools_stats_vqc_Count_Transitions.pdf",
                "multiqc/multiqc_plots/pdf/bcftools_stats_vqc_Count_Transversions.pdf",
                "multiqc/multiqc_plots/pdf/mosdepth-coverage-per-contig-single-cnt.pdf",
                "multiqc/multiqc_plots/pdf/mosdepth-coverage-per-contig-single-pct.pdf",
                "multiqc/multiqc_plots/pdf/mosdepth-cumcoverage-dist-id.pdf",
                "multiqc/multiqc_plots/pdf/samtools-stats-dp.pdf",
                "multiqc/multiqc_plots/pdf/samtools_alignment_plot-cnt.pdf",
                "multiqc/multiqc_plots/pdf/samtools_alignment_plot-pct.pdf",
                "multiqc/multiqc_plots/pdf/vcftools_tstv_by_count.pdf",
                "multiqc/multiqc_plots/pdf/vcftools_tstv_by_qual.pdf",
                "multiqc/multiqc_plots/png",
                "multiqc/multiqc_plots/png/bcftools-stats-subtypes-cnt.png",
                "multiqc/multiqc_plots/png/bcftools-stats-subtypes-pct.png",
                "multiqc/multiqc_plots/png/bcftools_stats_indel-lengths-cnt.png",
                "multiqc/multiqc_plots/png/bcftools_stats_indel-lengths-log.png",
                "multiqc/multiqc_plots/png/bcftools_stats_vqc_Count_Indels.png",
                "multiqc/multiqc_plots/png/bcftools_stats_vqc_Count_SNP.png",
                "multiqc/multiqc_plots/png/bcftools_stats_vqc_Count_Transitions.png",
                "multiqc/multiqc_plots/png/bcftools_stats_vqc_Count_Transversions.png",
                "multiqc/multiqc_plots/png/mosdepth-coverage-per-contig-single-cnt.png",
                "multiqc/multiqc_plots/png/mosdepth-coverage-per-contig-single-pct.png",
                "multiqc/multiqc_plots/png/mosdepth-cumcoverage-dist-id.png",
                "multiqc/multiqc_plots/png/samtools-stats-dp.png",
                "multiqc/multiqc_plots/png/samtools_alignment_plot-cnt.png",
                "multiqc/multiqc_plots/png/samtools_alignment_plot-pct.png",
                "multiqc/multiqc_plots/png/vcftools_tstv_by_count.png",
                "multiqc/multiqc_plots/png/vcftools_tstv_by_qual.png",
                "multiqc/multiqc_plots/svg",
                "multiqc/multiqc_plots/svg/bcftools-stats-subtypes-cnt.svg",
                "multiqc/multiqc_plots/svg/bcftools-stats-subtypes-pct.svg",
                "multiqc/multiqc_plots/svg/bcftools_stats_indel-lengths-cnt.svg",
                "multiqc/multiqc_plots/svg/bcftools_stats_indel-lengths-log.svg",
                "multiqc/multiqc_plots/svg/bcftools_stats_vqc_Count_Indels.svg",
                "multiqc/multiqc_plots/svg/bcftools_stats_vqc_Count_SNP.svg",
                "multiqc/multiqc_plots/svg/bcftools_stats_vqc_Count_Transitions.svg",
                "multiqc/multiqc_plots/svg/bcftools_stats_vqc_Count_Transversions.svg",
                "multiqc/multiqc_plots/svg/mosdepth-coverage-per-contig-single-cnt.svg",
                "multiqc/multiqc_plots/svg/mosdepth-coverage-per-contig-single-pct.svg",
                "multiqc/multiqc_plots/svg/mosdepth-cumcoverage-dist-id.svg",
                "multiqc/multiqc_plots/svg/samtools-stats-dp.svg",
                "multiqc/multiqc_plots/svg/samtools_alignment_plot-cnt.svg",
                "multiqc/multiqc_plots/svg/samtools_alignment_plot-pct.svg",
                "multiqc/multiqc_plots/svg/vcftools_tstv_by_count.svg",
                "multiqc/multiqc_plots/svg/vcftools_tstv_by_qual.svg",
                "multiqc/multiqc_report.html",
                "pipeline_info",
                "pipeline_info/nf_core_sarek_software_mqc_versions.yml",
                "reference",
                "reports",
                "reports/bcftools",
                "reports/bcftools/deepvariant",
                "reports/bcftools/deepvariant/joint_variant_calling",
                "reports/bcftools/deepvariant/joint_variant_calling/joint_variant_calling.bcftools_stats.txt",
                "reports/mosdepth",
                "reports/mosdepth/testN",
                "reports/mosdepth/testN/testN.recal.mosdepth.global.dist.txt",
                "reports/mosdepth/testN/testN.recal.mosdepth.region.dist.txt",
                "reports/mosdepth/testN/testN.recal.mosdepth.summary.txt",
                "reports/mosdepth/testN/testN.recal.per-base.bed.gz",
                "reports/mosdepth/testN/testN.recal.per-base.bed.gz.csi",
                "reports/mosdepth/testN/testN.recal.regions.bed.gz",
                "reports/mosdepth/testN/testN.recal.regions.bed.gz.csi",
                "reports/mosdepth/testT",
                "reports/mosdepth/testT/testT.recal.mosdepth.global.dist.txt",
                "reports/mosdepth/testT/testT.recal.mosdepth.region.dist.txt",
                "reports/mosdepth/testT/testT.recal.mosdepth.summary.txt",
                "reports/mosdepth/testT/testT.recal.per-base.bed.gz",
                "reports/mosdepth/testT/testT.recal.per-base.bed.gz.csi",
                "reports/mosdepth/testT/testT.recal.regions.bed.gz",
                "reports/mosdepth/testT/testT.recal.regions.bed.gz.csi",
                "reports/samtools",
                "reports/samtools/testN",
                "reports/samtools/testN/testN.recal.cram.stats",
                "reports/samtools/testT",
                "reports/samtools/testT/testT.recal.cram.stats",
                "reports/vcftools",
                "reports/vcftools/deepvariant",
                "reports/vcftools/deepvariant/joint_variant_calling",
                "reports/vcftools/deepvariant/joint_variant_calling/joint_variant_calling.FILTER.summary",
                "reports/vcftools/deepvariant/joint_variant_calling/joint_variant_calling.TsTv.count",
                "reports/vcftools/deepvariant/joint_variant_calling/joint_variant_calling.TsTv.qual",
                "variant_calling",
                "variant_calling/deepvariant",
                "variant_calling/deepvariant/joint_variant_calling",
                "variant_calling/deepvariant/joint_variant_calling/joint_variant_calling.vcf.gz",
                "variant_calling/deepvariant/joint_variant_calling/joint_variant_calling.vcf.gz.tbi",
                "variant_calling/deepvariant/testN",
                "variant_calling/deepvariant/testN/testN.deepvariant.g.vcf.gz",
                "variant_calling/deepvariant/testN/testN.deepvariant.g.vcf.gz.tbi",
                "variant_calling/deepvariant/testN/testN.deepvariant.vcf.gz",
                "variant_calling/deepvariant/testN/testN.deepvariant.vcf.gz.tbi",
                "variant_calling/deepvariant/testT",
                "variant_calling/deepvariant/testT/testT.deepvariant.g.vcf.gz",
                "variant_calling/deepvariant/testT/testT.deepvariant.g.vcf.gz.tbi",
                "variant_calling/deepvariant/testT/testT.deepvariant.vcf.gz",
                "variant_calling/deepvariant/testT/testT.deepvariant.vcf.gz.tbi"
            ],
            [
                "mosdepth-coverage-per-contig-single.txt:md5,a9d61b7a7c54a27857b03a1c51ba6ff5",
                "mosdepth-cumcoverage-dist-id.txt:md5,46e5004d6eb0d4f451706dcbb7acc2ed",
                "mosdepth_perchrom.txt:md5,a9d61b7a7c54a27857b03a1c51ba6ff5",
                "multiqc_citations.txt:md5,d40980f61eb64026d58102841b7f3860",
                "samtools-stats-dp.txt:md5,a0c101497a0566f60b9e8388207944ab",
                "samtools_alignment_plot.txt:md5,563784066de81f3bc8ccf5fbbe82b3d5",
                "joint_variant_calling.bcftools_stats.txt:md5,5178efd3f0a7ed5bf38ad8d6af58b024",
                "testN.recal.mosdepth.global.dist.txt:md5,e82e90c7d508a135b5a8a7cd6933452e",
                "testN.recal.mosdepth.region.dist.txt:md5,3a2030e5e8af7bc12720c3a5592bf921",
                "testN.recal.mosdepth.summary.txt:md5,615c5c5019d88045a9ff5bbe6e63d270",
                "testN.recal.per-base.bed.gz:md5,da6db0fb375a3053a89db8c935eebbaa",
                "testN.recal.per-base.bed.gz.csi:md5,9e649ac749ff6c6073bef5ab63e8aaa4",
                "testN.recal.regions.bed.gz:md5,0c8215fbea7b0bf7aba9d1781575f905",
                "testN.recal.regions.bed.gz.csi:md5,5c00a1d457c387d6e71848a6d897e309",
                "testT.recal.mosdepth.global.dist.txt:md5,ba97ed85645f77da6f3adad138b3cdb4",
                "testT.recal.mosdepth.region.dist.txt:md5,a7eb835371dd0aaf347ccca7ebe1eb3b",
                "testT.recal.mosdepth.summary.txt:md5,a937108cbf24c1430b79c861234ce22b",
                "testT.recal.per-base.bed.gz:md5,fde70b7a0caef4460692540b97b3fd52",
                "testT.recal.per-base.bed.gz.csi:md5,7f62d96cdff1ce2acc0c7d2d0549cb1b",
                "testT.recal.regions.bed.gz:md5,8f0d545a0950c6a53225abec38553f6f",
                "testT.recal.regions.bed.gz.csi:md5,5c00a1d457c387d6e71848a6d897e309",
                "joint_variant_calling.FILTER.summary:md5,c466b1c20e23ca4a7bf5ee63a33222b8",
                "joint_variant_calling.TsTv.count:md5,18234d51fe56c4fd99d52afa0a6836ef"
            ],
            "No BAM files",
            "No CRAM files",
            [
                "joint_variant_calling.vcf.gz:md5,34dd3b8bcd32219d243f18bfb5427b8b",
                "testN.deepvariant.g.vcf.gz:md5,ed6ca806547eaf469a93d79fac2a3d90",
                "testN.deepvariant.vcf.gz:md5,2659f4d39367748bb93295888cadaf17",
                "testT.deepvariant.g.vcf.gz:md5,992e7b38ccdc00c47ab64ae8e974c177",
                "testT.deepvariant.vcf.gz:md5,e51ec0e99ca98b484f176b87e0a901a7"
            ],
            "No warnings"
        ],
        "timestamp": "2026-06-16T17:34:34.090989923",
        "meta": {
            "nf-test": "0.9.5",
            "nextflow": "26.04.3"
        }
    },
    "-profile test --input tests/csv/3.0/mapped_joint_bam.csv --tools deepvariant --joint_genotype --nucleotides_per_second 100": {
        "content": [
            17,
            {
                "BCFTOOLS_STATS": {
                    "bcftools": 1.21
                },
                "BCFTOOLS_VIEW": {
                    "bcftools": 1.22
                },
                "CREATE_INTERVALS_BED": {
                    "gawk": "5.3.0"
                },
                "DEEPVARIANT_RUNDEEPVARIANT": {
                    "deepvariant": "1.9.0"
                },
                "GLNEXUS": {
                    "glnexus": "1.4.1"
                },
                "MOSDEPTH": {
                    "mosdepth": "0.3.10"
                },
                "SAMTOOLS_STATS": {
                    "samtools": 1.21
                },
                "TABIX_BGZIPTABIX_INTERVAL_COMBINED": {
                    "tabix": 1.21
                },
                "TABIX_BGZIPTABIX_INTERVAL_SPLIT": {
                    "tabix": 1.21
                },
                "TABIX_TABIX": {
                    "tabix": 1.21
                },
                "VCFTOOLS_TSTV_COUNT": {
                    "vcftools": "0.1.16"
                }
            },
            [
                "csv",
                "csv/variantcalled.csv",
                "multiqc",
                "multiqc/multiqc_data",
                "multiqc/multiqc_data/bcftools-stats-subtypes.txt",
                "multiqc/multiqc_data/bcftools_stats_indel-lengths.txt",
                "multiqc/multiqc_data/bcftools_stats_vqc_Count_Indels.txt",
                "multiqc/multiqc_data/bcftools_stats_vqc_Count_SNP.txt",
                "multiqc/multiqc_data/bcftools_stats_vqc_Count_Transitions.txt",
                "multiqc/multiqc_data/bcftools_stats_vqc_Count_Transversions.txt",
                "multiqc/multiqc_data/llms-full.txt",
                "multiqc/multiqc_data/mosdepth-coverage-per-contig-single.txt",
                "multiqc/multiqc_data/mosdepth-cumcoverage-dist-id.txt",
                "multiqc/multiqc_data/mosdepth_cov_dist.txt",
                "multiqc/multiqc_data/mosdepth_cumcov_dist.txt",
                "multiqc/multiqc_data/mosdepth_perchrom.txt",
                "multiqc/multiqc_data/multiqc.log",
                "multiqc/multiqc_data/multiqc.parquet",
                "multiqc/multiqc_data/multiqc_bcftools_stats.txt",
                "multiqc/multiqc_data/multiqc_citations.txt",
                "multiqc/multiqc_data/multiqc_data.json",
                "multiqc/multiqc_data/multiqc_general_stats.txt",
                "multiqc/multiqc_data/multiqc_samtools_stats.txt",
                "multiqc/multiqc_data/multiqc_software_versions.txt",
                "multiqc/multiqc_data/multiqc_sources.txt",
                "multiqc/multiqc_data/samtools-stats-dp.txt",
                "multiqc/multiqc_data/samtools_alignment_plot.txt",
                "multiqc/multiqc_data/vcftools_tstv_by_count.txt",
                "multiqc/multiqc_data/vcftools_tstv_by_qual.txt",
                "multiqc/multiqc_plots",
                "multiqc/multiqc_plots/pdf",
                "multiqc/multiqc_plots/pdf/bcftools-stats-subtypes-cnt.pdf",
                "multiqc/multiqc_plots/pdf/bcftools-stats-subtypes-pct.pdf",
                "multiqc/multiqc_plots/pdf/bcftools_stats_indel-lengths-cnt.pdf",
                "multiqc/multiqc_plots/pdf/bcftools_stats_indel-lengths-log.pdf",
                "multiqc/multiqc_plots/pdf/bcftools_stats_vqc_Count_Indels.pdf",
                "multiqc/multiqc_plots/pdf/bcftools_stats_vqc_Count_SNP.pdf",
                "multiqc/multiqc_plots/pdf/bcftools_stats_vqc_Count_Transitions.pdf",
                "multiqc/multiqc_plots/pdf/bcftools_stats_vqc_Count_Transversions.pdf",
                "multiqc/multiqc_plots/pdf/mosdepth-coverage-per-contig-single-cnt.pdf",
                "multiqc/multiqc_plots/pdf/mosdepth-coverage-per-contig-single-pct.pdf",
                "multiqc/multiqc_plots/pdf/mosdepth-cumcoverage-dist-id.pdf",
                "multiqc/multiqc_plots/pdf/samtools-stats-dp.pdf",
                "multiqc/multiqc_plots/pdf/samtools_alignment_plot-cnt.pdf",
                "multiqc/multiqc_plots/pdf/samtools_alignment_plot-pct.pdf",
                "multiqc/multiqc_plots/pdf/vcftools_tstv_by_count.pdf",
                "multiqc/multiqc_plots/pdf/vcftools_tstv_by_qual.pdf",
                "multiqc/multiqc_plots/png",
                "multiqc/multiqc_plots/png/bcftools-stats-subtypes-cnt.png",
                "multiqc/multiqc_plots/png/bcftools-stats-subtypes-pct.png",
                "multiqc/multiqc_plots/png/bcftools_stats_indel-lengths-cnt.png",
                "multiqc/multiqc_plots/png/bcftools_stats_indel-lengths-log.png",
                "multiqc/multiqc_plots/png/bcftools_stats_vqc_Count_Indels.png",
                "multiqc/multiqc_plots/png/bcftools_stats_vqc_Count_SNP.png",
                "multiqc/multiqc_plots/png/bcftools_stats_vqc_Count_Transitions.png",
                "multiqc/multiqc_plots/png/bcftools_stats_vqc_Count_Transversions.png",
                "multiqc/multiqc_plots/png/mosdepth-coverage-per-contig-single-cnt.png",
                "multiqc/multiqc_plots/png/mosdepth-coverage-per-contig-single-pct.png",
                "multiqc/multiqc_plots/png/mosdepth-cumcoverage-dist-id.png",
                "multiqc/multiqc_plots/png/samtools-stats-dp.png",
                "multiqc/multiqc_plots/png/samtools_alignment_plot-cnt.png",
                "multiqc/multiqc_plots/png/samtools_alignment_plot-pct.png",
                "multiqc/multiqc_plots/png/vcftools_tstv_by_count.png",
                "multiqc/multiqc_plots/png/vcftools_tstv_by_qual.png",
                "multiqc/multiqc_plots/svg",
                "multiqc/multiqc_plots/svg/bcftools-stats-subtypes-cnt.svg",
                "multiqc/multiqc_plots/svg/bcftools-stats-subtypes-pct.svg",
                "multiqc/multiqc_plots/svg/bcftools_stats_indel-lengths-cnt.svg",
                "multiqc/multiqc_plots/svg/bcftools_stats_indel-lengths-log.svg",
                "multiqc/multiqc_plots/svg/bcftools_stats_vqc_Count_Indels.svg",
                "multiqc/multiqc_plots/svg/bcftools_stats_vqc_Count_SNP.svg",
                "multiqc/multiqc_plots/svg/bcftools_stats_vqc_Count_Transitions.svg",
                "multiqc/multiqc_plots/svg/bcftools_stats_vqc_Count_Transversions.svg",
                "multiqc/multiqc_plots/svg/mosdepth-coverage-per-contig-single-cnt.svg",
                "multiqc/multiqc_plots/svg/mosdepth-coverage-per-contig-single-pct.svg",
                "multiqc/multiqc_plots/svg/mosdepth-cumcoverage-dist-id.svg",
                "multiqc/multiqc_plots/svg/samtools-stats-dp.svg",
                "multiqc/multiqc_plots/svg/samtools_alignment_plot-cnt.svg",
                "multiqc/multiqc_plots/svg/samtools_alignment_plot-pct.svg",
                "multiqc/multiqc_plots/svg/vcftools_tstv_by_count.svg",
                "multiqc/multiqc_plots/svg/vcftools_tstv_by_qual.svg",
                "multiqc/multiqc_report.html",
                "pipeline_info",
                "pipeline_info/nf_core_sarek_software_mqc_versions.yml",
                "reference",
                "reports",
                "reports/bcftools",
                "reports/bcftools/deepvariant",
                "reports/bcftools/deepvariant/joint_variant_calling",
                "reports/bcftools/deepvariant/joint_variant_calling/joint_variant_calling.bcftools_stats.txt",
                "reports/mosdepth",
                "reports/mosdepth/testN",
                "reports/mosdepth/testN/testN.recal.mosdepth.global.dist.txt",
                "reports/mosdepth/testN/testN.recal.mosdepth.region.dist.txt",
                "reports/mosdepth/testN/testN.recal.mosdepth.summary.txt",
                "reports/mosdepth/testN/testN.recal.per-base.bed.gz",
                "reports/mosdepth/testN/testN.recal.per-base.bed.gz.csi",
                "reports/mosdepth/testN/testN.recal.regions.bed.gz",
                "reports/mosdepth/testN/testN.recal.regions.bed.gz.csi",
                "reports/mosdepth/testT",
                "reports/mosdepth/testT/testT.recal.mosdepth.global.dist.txt",
                "reports/mosdepth/testT/testT.recal.mosdepth.region.dist.txt",
                "reports/mosdepth/testT/testT.recal.mosdepth.summary.txt",
                "reports/mosdepth/testT/testT.recal.per-base.bed.gz",
                "reports/mosdepth/testT/testT.recal.per-base.bed.gz.csi",
                "reports/mosdepth/testT/testT.recal.regions.bed.gz",
                "reports/mosdepth/testT/testT.recal.regions.bed.gz.csi",
                "reports/samtools",
                "reports/samtools/testN",
                "reports/samtools/testN/testN.recal.cram.stats",
                "reports/samtools/testT",
                "reports/samtools/testT/testT.recal.cram.stats",
                "reports/vcftools",
                "reports/vcftools/deepvariant",
                "reports/vcftools/deepvariant/joint_variant_calling",
                "reports/vcftools/deepvariant/joint_variant_calling/joint_variant_calling.FILTER.summary",
                "reports/vcftools/deepvariant/joint_variant_calling/joint_variant_calling.TsTv.count",
                "reports/vcftools/deepvariant/joint_variant_calling/joint_variant_calling.TsTv.qual",
                "variant_calling",
                "variant_calling/deepvariant",
                "variant_calling/deepvariant/joint_variant_calling",
                "variant_calling/deepvariant/joint_variant_calling/joint_variant_calling.vcf.gz",
                "variant_calling/deepvariant/joint_variant_calling/joint_variant_calling.vcf.gz.tbi",
                "variant_calling/deepvariant/testN",
                "variant_calling/deepvariant/testN/testN.deepvariant.g.vcf.gz",
                "variant_calling/deepvariant/testN/testN.deepvariant.g.vcf.gz.tbi",
                "variant_calling/deepvariant/testN/testN.deepvariant.vcf.gz",
                "variant_calling/deepvariant/testN/testN.deepvariant.vcf.gz.tbi",
                "variant_calling/deepvariant/testT",
                "variant_calling/deepvariant/testT/testT.deepvariant.g.vcf.gz",
                "variant_calling/deepvariant/testT/testT.deepvariant.g.vcf.gz.tbi",
                "variant_calling/deepvariant/testT/testT.deepvariant.vcf.gz",
                "variant_calling/deepvariant/testT/testT.deepvariant.vcf.gz.tbi"
            ],
            [
                "mosdepth-coverage-per-contig-single.txt:md5,a9d61b7a7c54a27857b03a1c51ba6ff5",
                "mosdepth-cumcoverage-dist-id.txt:md5,46e5004d6eb0d4f451706dcbb7acc2ed",
                "mosdepth_perchrom.txt:md5,a9d61b7a7c54a27857b03a1c51ba6ff5",
                "multiqc_citations.txt:md5,d40980f61eb64026d58102841b7f3860",
                "samtools-stats-dp.txt:md5,a0c101497a0566f60b9e8388207944ab",
                "samtools_alignment_plot.txt:md5,563784066de81f3bc8ccf5fbbe82b3d5",
                "joint_variant_calling.bcftools_stats.txt:md5,5178efd3f0a7ed5bf38ad8d6af58b024",
                "testN.recal.mosdepth.global.dist.txt:md5,e82e90c7d508a135b5a8a7cd6933452e",
                "testN.recal.mosdepth.region.dist.txt:md5,3a2030e5e8af7bc12720c3a5592bf921",
                "testN.recal.mosdepth.summary.txt:md5,615c5c5019d88045a9ff5bbe6e63d270",
                "testN.recal.per-base.bed.gz:md5,da6db0fb375a3053a89db8c935eebbaa",
                "testN.recal.per-base.bed.gz.csi:md5,9e649ac749ff6c6073bef5ab63e8aaa4",
                "testN.recal.regions.bed.gz:md5,0c8215fbea7b0bf7aba9d1781575f905",
                "testN.recal.regions.bed.gz.csi:md5,5c00a1d457c387d6e71848a6d897e309",
                "testT.recal.mosdepth.global.dist.txt:md5,ba97ed85645f77da6f3adad138b3cdb4",
                "testT.recal.mosdepth.region.dist.txt:md5,a7eb835371dd0aaf347ccca7ebe1eb3b",
                "testT.recal.mosdepth.summary.txt:md5,a937108cbf24c1430b79c861234ce22b",
                "testT.recal.per-base.bed.gz:md5,fde70b7a0caef4460692540b97b3fd52",
                "testT.recal.per-base.bed.gz.csi:md5,7f62d96cdff1ce2acc0c7d2d0549cb1b",
                "testT.recal.regions.bed.gz:md5,8f0d545a0950c6a53225abec38553f6f",
                "testT.recal.regions.bed.gz.csi:md5,5c00a1d457c387d6e71848a6d897e309",
                "joint_variant_calling.FILTER.summary:md5,c466b1c20e23ca4a7bf5ee63a33222b8",
                "joint_variant_calling.TsTv.count:md5,18234d51fe56c4fd99d52afa0a6836ef"
            ],
            "No BAM files",
            "No CRAM files",
            [
                "joint_variant_calling.vcf.gz:md5,34dd3b8bcd32219d243f18bfb5427b8b",
                "testN.deepvariant.g.vcf.gz:md5,54b845d451ff2325505ceadcdbe4d688",
                "testN.deepvariant.vcf.gz:md5,3ebb9e81e3987946c4284e3bc39578eb",
                "testT.deepvariant.g.vcf.gz:md5,eb5d7034b4102a69f0de7b98a9728e61",
                "testT.deepvariant.vcf.gz:md5,6d2e941cc326febf004894123f77ab4d"
            ],
            "No warnings"
        ],
        "timestamp": "2026-06-16T17:19:40.864152394",
        "meta": {
            "nf-test": "0.9.5",
            "nextflow": "26.04.3"
        }
    }
}